[2022-07-03T14:52:38.935+0200][gc,heap] Heap region size: 1M
[2022-07-03T14:52:38.942+0200][gc     ] Using G1
[2022-07-03T14:52:38.942+0200][gc,heap,coops] Heap address: 0x00000000c0000000, size: 1024 MB, Compressed Oops mode: 32-bit
[2022-07-03T14:52:38.943+0200][gc,cds       ] Mark closed archive regions in map: [0x00000000fff00000, 0x00000000fff6aff8]
[2022-07-03T14:52:38.943+0200][gc,cds       ] Mark open archive regions in map: [0x00000000ffe00000, 0x00000000ffe46ff8]
[2022-07-03T14:52:40.712+0200][gc,start     ] GC(0) Pause Young (Normal) (G1 Evacuation Pause)
[2022-07-03T14:52:40.714+0200][gc,task      ] GC(0) Using 10 workers of 10 for evacuation
[2022-07-03T14:52:40.728+0200][gc,phases    ] GC(0)   Pre Evacuate Collection Set: 0.0ms
[2022-07-03T14:52:40.728+0200][gc,phases    ] GC(0)   Evacuate Collection Set: 12.3ms
[2022-07-03T14:52:40.728+0200][gc,phases    ] GC(0)   Post Evacuate Collection Set: 0.8ms
[2022-07-03T14:52:40.729+0200][gc,phases    ] GC(0)   Other: 2.2ms
[2022-07-03T14:52:40.729+0200][gc,heap      ] GC(0) Eden regions: 51->0(44)
[2022-07-03T14:52:40.729+0200][gc,heap      ] GC(0) Survivor regions: 0->7(7)
[2022-07-03T14:52:40.729+0200][gc,heap      ] GC(0) Old regions: 2->2
[2022-07-03T14:52:40.729+0200][gc,heap      ] GC(0) Humongous regions: 0->0
[2022-07-03T14:52:40.729+0200][gc,metaspace ] GC(0) Metaspace: 15095K->15095K(1062912K)
[2022-07-03T14:52:40.730+0200][gc           ] GC(0) Pause Young (Normal) (G1 Evacuation Pause) 51M->7M(1024M) 17.053ms
[2022-07-03T14:52:40.730+0200][gc,cpu       ] GC(0) User=0.12s Sys=0.00s Real=0.02s
[2022-07-03T14:52:41.361+0200][gc,start     ] GC(1) Pause Young (Concurrent Start) (Metadata GC Threshold)
[2022-07-03T14:52:41.362+0200][gc,task      ] GC(1) Using 10 workers of 10 for evacuation
[2022-07-03T14:52:41.372+0200][gc,phases    ] GC(1)   Pre Evacuate Collection Set: 0.1ms
[2022-07-03T14:52:41.373+0200][gc,phases    ] GC(1)   Evacuate Collection Set: 9.7ms
[2022-07-03T14:52:41.373+0200][gc,phases    ] GC(1)   Post Evacuate Collection Set: 0.6ms
[2022-07-03T14:52:41.373+0200][gc,phases    ] GC(1)   Other: 0.6ms
[2022-07-03T14:52:41.373+0200][gc,heap      ] GC(1) Eden regions: 22->0(50)
[2022-07-03T14:52:41.373+0200][gc,heap      ] GC(1) Survivor regions: 7->1(7)
[2022-07-03T14:52:41.373+0200][gc,heap      ] GC(1) Old regions: 2->9
[2022-07-03T14:52:41.373+0200][gc,heap      ] GC(1) Humongous regions: 0->0
[2022-07-03T14:52:41.374+0200][gc,metaspace ] GC(1) Metaspace: 20525K->20525K(1067008K)
[2022-07-03T14:52:41.374+0200][gc           ] GC(1) Pause Young (Concurrent Start) (Metadata GC Threshold) 29M->8M(1024M) 12.494ms
[2022-07-03T14:52:41.374+0200][gc,cpu       ] GC(1) User=0.05s Sys=0.04s Real=0.01s
[2022-07-03T14:52:41.374+0200][gc           ] GC(2) Concurrent Cycle
[2022-07-03T14:52:41.374+0200][gc,marking   ] GC(2) Concurrent Clear Claimed Marks
[2022-07-03T14:52:41.375+0200][gc,marking   ] GC(2) Concurrent Clear Claimed Marks 0.346ms
[2022-07-03T14:52:41.375+0200][gc,marking   ] GC(2) Concurrent Scan Root Regions
[2022-07-03T14:52:41.376+0200][gc,marking   ] GC(2) Concurrent Scan Root Regions 0.940ms
[2022-07-03T14:52:41.376+0200][gc,marking   ] GC(2) Concurrent Mark (2.452s)
[2022-07-03T14:52:41.376+0200][gc,marking   ] GC(2) Concurrent Mark From Roots
[2022-07-03T14:52:41.376+0200][gc,task      ] GC(2) Using 3 workers of 3 for marking
[2022-07-03T14:52:41.381+0200][gc,marking   ] GC(2) Concurrent Mark From Roots 4.840ms
[2022-07-03T14:52:41.381+0200][gc,marking   ] GC(2) Concurrent Preclean
[2022-07-03T14:52:41.381+0200][gc,marking   ] GC(2) Concurrent Preclean 0.344ms
[2022-07-03T14:52:41.381+0200][gc,marking   ] GC(2) Concurrent Mark (2.452s, 2.458s) 5.759ms
[2022-07-03T14:52:41.382+0200][gc,start     ] GC(2) Pause Remark
[2022-07-03T14:52:41.387+0200][gc,stringtable] GC(2) Cleaned string and symbol table, strings: 5005 processed, 0 removed, symbols: 50493 processed, 55 removed
[2022-07-03T14:52:41.387+0200][gc            ] GC(2) Pause Remark 8M->8M(1024M) 5.477ms
[2022-07-03T14:52:41.388+0200][gc,cpu        ] GC(2) User=0.04s Sys=0.00s Real=0.01s
[2022-07-03T14:52:41.388+0200][gc,marking    ] GC(2) Concurrent Rebuild Remembered Sets
[2022-07-03T14:52:41.391+0200][gc,marking    ] GC(2) Concurrent Rebuild Remembered Sets 3.069ms
[2022-07-03T14:52:41.392+0200][gc,start      ] GC(2) Pause Cleanup
[2022-07-03T14:52:41.393+0200][gc            ] GC(2) Pause Cleanup 8M->8M(1024M) 0.597ms
[2022-07-03T14:52:41.393+0200][gc,cpu        ] GC(2) User=0.00s Sys=0.00s Real=0.00s
[2022-07-03T14:52:41.393+0200][gc,marking    ] GC(2) Concurrent Cleanup for Next Mark
[2022-07-03T14:52:41.397+0200][gc,marking    ] GC(2) Concurrent Cleanup for Next Mark 3.877ms
[2022-07-03T14:52:41.398+0200][gc            ] GC(2) Concurrent Cycle 23.465ms
[2022-07-03T14:52:43.154+0200][gc,start      ] GC(3) Pause Young (Normal) (G1 Evacuation Pause)
[2022-07-03T14:52:43.154+0200][gc,task       ] GC(3) Using 10 workers of 10 for evacuation
[2022-07-03T14:52:43.158+0200][gc,phases     ] GC(3)   Pre Evacuate Collection Set: 0.1ms
[2022-07-03T14:52:43.159+0200][gc,phases     ] GC(3)   Evacuate Collection Set: 2.8ms
[2022-07-03T14:52:43.159+0200][gc,phases     ] GC(3)   Post Evacuate Collection Set: 0.7ms
[2022-07-03T14:52:43.159+0200][gc,phases     ] GC(3)   Other: 0.8ms
[2022-07-03T14:52:43.159+0200][gc,heap       ] GC(3) Eden regions: 50->0(47)
[2022-07-03T14:52:43.160+0200][gc,heap       ] GC(3) Survivor regions: 1->4(7)
[2022-07-03T14:52:43.160+0200][gc,heap       ] GC(3) Old regions: 9->9
[2022-07-03T14:52:43.160+0200][gc,heap       ] GC(3) Humongous regions: 129->129
[2022-07-03T14:52:43.160+0200][gc,metaspace  ] GC(3) Metaspace: 29554K->29554K(1075200K)
[2022-07-03T14:52:43.160+0200][gc            ] GC(3) Pause Young (Normal) (G1 Evacuation Pause) 187M->139M(1024M) 6.366ms
[2022-07-03T14:52:43.160+0200][gc,cpu        ] GC(3) User=0.01s Sys=0.00s Real=0.01s
[2022-07-03T14:52:43.926+0200][gc,start      ] GC(4) Pause Young (Concurrent Start) (Metadata GC Threshold)
[2022-07-03T14:52:43.926+0200][gc,task       ] GC(4) Using 10 workers of 10 for evacuation
[2022-07-03T14:52:43.932+0200][gc,phases     ] GC(4)   Pre Evacuate Collection Set: 0.1ms
[2022-07-03T14:52:43.932+0200][gc,phases     ] GC(4)   Evacuate Collection Set: 4.1ms
[2022-07-03T14:52:43.932+0200][gc,phases     ] GC(4)   Post Evacuate Collection Set: 0.9ms
[2022-07-03T14:52:43.932+0200][gc,phases     ] GC(4)   Other: 0.9ms
[2022-07-03T14:52:43.933+0200][gc,heap       ] GC(4) Eden regions: 33->0(44)
[2022-07-03T14:52:43.933+0200][gc,heap       ] GC(4) Survivor regions: 4->7(7)
[2022-07-03T14:52:43.933+0200][gc,heap       ] GC(4) Old regions: 9->9
[2022-07-03T14:52:43.933+0200][gc,heap       ] GC(4) Humongous regions: 129->129
[2022-07-03T14:52:43.933+0200][gc,metaspace  ] GC(4) Metaspace: 34553K->34553K(1081344K)
[2022-07-03T14:52:43.934+0200][gc            ] GC(4) Pause Young (Concurrent Start) (Metadata GC Threshold) 171M->142M(1024M) 8.037ms
[2022-07-03T14:52:43.934+0200][gc,cpu        ] GC(4) User=0.03s Sys=0.00s Real=0.00s
[2022-07-03T14:52:43.934+0200][gc            ] GC(5) Concurrent Cycle
[2022-07-03T14:52:43.934+0200][gc,marking    ] GC(5) Concurrent Clear Claimed Marks
[2022-07-03T14:52:43.935+0200][gc,marking    ] GC(5) Concurrent Clear Claimed Marks 0.349ms
[2022-07-03T14:52:43.935+0200][gc,marking    ] GC(5) Concurrent Scan Root Regions
[2022-07-03T14:52:43.938+0200][gc,marking    ] GC(5) Concurrent Scan Root Regions 3.348ms
[2022-07-03T14:52:43.939+0200][gc,marking    ] GC(5) Concurrent Mark (5.015s)
[2022-07-03T14:52:43.939+0200][gc,marking    ] GC(5) Concurrent Mark From Roots
[2022-07-03T14:52:43.939+0200][gc,task       ] GC(5) Using 3 workers of 3 for marking
[2022-07-03T14:52:43.944+0200][gc,marking    ] GC(5) Concurrent Mark From Roots 5.622ms
[2022-07-03T14:52:43.945+0200][gc,marking    ] GC(5) Concurrent Preclean
[2022-07-03T14:52:43.945+0200][gc,marking    ] GC(5) Concurrent Preclean 0.319ms
[2022-07-03T14:52:43.945+0200][gc,marking    ] GC(5) Concurrent Mark (5.015s, 5.022s) 6.792ms
[2022-07-03T14:52:43.947+0200][gc,start      ] GC(5) Pause Remark
[2022-07-03T14:52:43.951+0200][gc,stringtable] GC(5) Cleaned string and symbol table, strings: 10618 processed, 13 removed, symbols: 80256 processed, 15 removed
[2022-07-03T14:52:43.952+0200][gc            ] GC(5) Pause Remark 143M->143M(1024M) 4.700ms
[2022-07-03T14:52:43.952+0200][gc,cpu        ] GC(5) User=0.02s Sys=0.00s Real=0.00s
[2022-07-03T14:52:43.953+0200][gc,marking    ] GC(5) Concurrent Rebuild Remembered Sets
[2022-07-03T14:52:43.955+0200][gc,marking    ] GC(5) Concurrent Rebuild Remembered Sets 2.412ms
[2022-07-03T14:52:43.957+0200][gc,start      ] GC(5) Pause Cleanup
[2022-07-03T14:52:43.958+0200][gc            ] GC(5) Pause Cleanup 143M->143M(1024M) 0.606ms
[2022-07-03T14:52:43.958+0200][gc,cpu        ] GC(5) User=0.01s Sys=0.00s Real=0.00s
[2022-07-03T14:52:43.958+0200][gc,marking    ] GC(5) Concurrent Cleanup for Next Mark
[2022-07-03T14:52:43.969+0200][gc,marking    ] GC(5) Concurrent Cleanup for Next Mark 10.334ms
[2022-07-03T14:52:43.969+0200][gc            ] GC(5) Concurrent Cycle 34.818ms
[2022-07-03T14:57:18.879+0200][gc,start      ] GC(6) Pause Young (Normal) (G1 Evacuation Pause)
[2022-07-03T14:57:18.879+0200][gc,task       ] GC(6) Using 10 workers of 10 for evacuation
[2022-07-03T14:57:18.889+0200][gc,phases     ] GC(6)   Pre Evacuate Collection Set: 0.1ms
[2022-07-03T14:57:18.889+0200][gc,phases     ] GC(6)   Evacuate Collection Set: 7.9ms
[2022-07-03T14:57:18.889+0200][gc,phases     ] GC(6)   Post Evacuate Collection Set: 1.0ms
[2022-07-03T14:57:18.889+0200][gc,phases     ] GC(6)   Other: 0.7ms
[2022-07-03T14:57:18.889+0200][gc,heap       ] GC(6) Eden regions: 44->0(45)
[2022-07-03T14:57:18.890+0200][gc,heap       ] GC(6) Survivor regions: 7->6(7)
[2022-07-03T14:57:18.890+0200][gc,heap       ] GC(6) Old regions: 9->12
[2022-07-03T14:57:18.890+0200][gc,heap       ] GC(6) Humongous regions: 135->129
[2022-07-03T14:57:18.890+0200][gc,metaspace  ] GC(6) Metaspace: 41632K->41632K(1087488K)
[2022-07-03T14:57:18.890+0200][gc            ] GC(6) Pause Young (Normal) (G1 Evacuation Pause) 192M->144M(1024M) 11.293ms
[2022-07-03T14:57:18.890+0200][gc,cpu        ] GC(6) User=0.08s Sys=0.00s Real=0.01s
[2022-07-03T14:57:48.324+0200][gc,start      ] GC(7) Pause Young (Normal) (G1 Evacuation Pause)
[2022-07-03T14:57:48.324+0200][gc,task       ] GC(7) Using 10 workers of 10 for evacuation
[2022-07-03T14:57:48.329+0200][gc,phases     ] GC(7)   Pre Evacuate Collection Set: 0.0ms
[2022-07-03T14:57:48.329+0200][gc,phases     ] GC(7)   Evacuate Collection Set: 3.9ms
[2022-07-03T14:57:48.329+0200][gc,phases     ] GC(7)   Post Evacuate Collection Set: 0.7ms
[2022-07-03T14:57:48.330+0200][gc,phases     ] GC(7)   Other: 0.7ms
[2022-07-03T14:57:48.330+0200][gc,heap       ] GC(7) Eden regions: 45->0(47)
[2022-07-03T14:57:48.330+0200][gc,heap       ] GC(7) Survivor regions: 6->4(7)
[2022-07-03T14:57:48.330+0200][gc,heap       ] GC(7) Old regions: 12->15
[2022-07-03T14:57:48.330+0200][gc,heap       ] GC(7) Humongous regions: 129->129
[2022-07-03T14:57:48.330+0200][gc,metaspace  ] GC(7) Metaspace: 43101K->43101K(1087488K)
[2022-07-03T14:57:48.331+0200][gc            ] GC(7) Pause Young (Normal) (G1 Evacuation Pause) 189M->145M(1024M) 6.815ms
[2022-07-03T14:57:48.331+0200][gc,cpu        ] GC(7) User=0.04s Sys=0.00s Real=0.01s
[2022-07-03T14:58:24.426+0200][gc,start      ] GC(8) Pause Young (Normal) (G1 Evacuation Pause)
[2022-07-03T14:58:24.426+0200][gc,task       ] GC(8) Using 10 workers of 10 for evacuation
[2022-07-03T14:58:24.430+0200][gc,phases     ] GC(8)   Pre Evacuate Collection Set: 0.1ms
[2022-07-03T14:58:24.431+0200][gc,phases     ] GC(8)   Evacuate Collection Set: 2.8ms
[2022-07-03T14:58:24.431+0200][gc,phases     ] GC(8)   Post Evacuate Collection Set: 0.8ms
[2022-07-03T14:58:24.431+0200][gc,phases     ] GC(8)   Other: 0.7ms
[2022-07-03T14:58:24.431+0200][gc,heap       ] GC(8) Eden regions: 47->0(48)
[2022-07-03T14:58:24.431+0200][gc,heap       ] GC(8) Survivor regions: 4->3(7)
[2022-07-03T14:58:24.431+0200][gc,heap       ] GC(8) Old regions: 15->15
[2022-07-03T14:58:24.432+0200][gc,heap       ] GC(8) Humongous regions: 129->129
[2022-07-03T14:58:24.432+0200][gc,metaspace  ] GC(8) Metaspace: 43125K->43125K(1087488K)
[2022-07-03T14:58:24.432+0200][gc            ] GC(8) Pause Young (Normal) (G1 Evacuation Pause) 192M->145M(1024M) 6.207ms
[2022-07-03T14:58:24.432+0200][gc,cpu        ] GC(8) User=0.03s Sys=0.00s Real=0.00s
[2022-07-03T14:59:02.202+0200][gc,start      ] GC(9) Pause Young (Normal) (G1 Evacuation Pause)
[2022-07-03T14:59:02.202+0200][gc,task       ] GC(9) Using 10 workers of 10 for evacuation
[2022-07-03T14:59:02.207+0200][gc,phases     ] GC(9)   Pre Evacuate Collection Set: 0.1ms
[2022-07-03T14:59:02.207+0200][gc,phases     ] GC(9)   Evacuate Collection Set: 3.1ms
[2022-07-03T14:59:02.207+0200][gc,phases     ] GC(9)   Post Evacuate Collection Set: 0.9ms
[2022-07-03T14:59:02.207+0200][gc,phases     ] GC(9)   Other: 0.7ms
[2022-07-03T14:59:02.208+0200][gc,heap       ] GC(9) Eden regions: 48->0(52)
[2022-07-03T14:59:02.208+0200][gc,heap       ] GC(9) Survivor regions: 3->3(7)
[2022-07-03T14:59:02.208+0200][gc,heap       ] GC(9) Old regions: 15->15
[2022-07-03T14:59:02.208+0200][gc,heap       ] GC(9) Humongous regions: 129->129
[2022-07-03T14:59:02.208+0200][gc,metaspace  ] GC(9) Metaspace: 43128K->43128K(1087488K)
[2022-07-03T14:59:02.208+0200][gc            ] GC(9) Pause Young (Normal) (G1 Evacuation Pause) 193M->145M(1024M) 6.380ms
[2022-07-03T14:59:02.209+0200][gc,cpu        ] GC(9) User=0.02s Sys=0.00s Real=0.01s
[2022-07-03T14:59:41.252+0200][gc,start      ] GC(10) Pause Young (Normal) (G1 Evacuation Pause)
[2022-07-03T14:59:41.252+0200][gc,task       ] GC(10) Using 10 workers of 10 for evacuation
[2022-07-03T14:59:41.256+0200][gc,phases     ] GC(10)   Pre Evacuate Collection Set: 0.0ms
[2022-07-03T14:59:41.256+0200][gc,phases     ] GC(10)   Evacuate Collection Set: 3.0ms
[2022-07-03T14:59:41.256+0200][gc,phases     ] GC(10)   Post Evacuate Collection Set: 0.7ms
[2022-07-03T14:59:41.257+0200][gc,phases     ] GC(10)   Other: 0.6ms
[2022-07-03T14:59:41.257+0200][gc,heap       ] GC(10) Eden regions: 52->0(55)
[2022-07-03T14:59:41.257+0200][gc,heap       ] GC(10) Survivor regions: 3->3(7)
[2022-07-03T14:59:41.257+0200][gc,heap       ] GC(10) Old regions: 15->15
[2022-07-03T14:59:41.257+0200][gc,heap       ] GC(10) Humongous regions: 129->129
[2022-07-03T14:59:41.257+0200][gc,metaspace  ] GC(10) Metaspace: 43208K->43208K(1087488K)
[2022-07-03T14:59:41.257+0200][gc            ] GC(10) Pause Young (Normal) (G1 Evacuation Pause) 197M->145M(1024M) 5.690ms
[2022-07-03T14:59:41.258+0200][gc,cpu        ] GC(10) User=0.02s Sys=0.00s Real=0.01s
[2022-07-03T15:00:24.737+0200][gc,start      ] GC(11) Pause Young (Normal) (G1 Evacuation Pause)
[2022-07-03T15:00:24.737+0200][gc,task       ] GC(11) Using 10 workers of 10 for evacuation
[2022-07-03T15:00:24.743+0200][gc,phases     ] GC(11)   Pre Evacuate Collection Set: 0.0ms
[2022-07-03T15:00:24.743+0200][gc,phases     ] GC(11)   Evacuate Collection Set: 5.2ms
[2022-07-03T15:00:24.744+0200][gc,phases     ] GC(11)   Post Evacuate Collection Set: 0.6ms
[2022-07-03T15:00:24.744+0200][gc,phases     ] GC(11)   Other: 0.7ms
[2022-07-03T15:00:24.744+0200][gc,heap       ] GC(11) Eden regions: 55->0(61)
[2022-07-03T15:00:24.744+0200][gc,heap       ] GC(11) Survivor regions: 3->3(8)
[2022-07-03T15:00:24.744+0200][gc,heap       ] GC(11) Old regions: 15->15
[2022-07-03T15:00:24.745+0200][gc,heap       ] GC(11) Humongous regions: 129->129
[2022-07-03T15:00:24.745+0200][gc,metaspace  ] GC(11) Metaspace: 43209K->43209K(1087488K)
[2022-07-03T15:00:24.745+0200][gc            ] GC(11) Pause Young (Normal) (G1 Evacuation Pause) 200M->145M(1024M) 8.275ms
[2022-07-03T15:00:24.745+0200][gc,cpu        ] GC(11) User=0.03s Sys=0.00s Real=0.01s
[2022-07-03T15:01:13.995+0200][gc,start      ] GC(12) Pause Young (Normal) (G1 Evacuation Pause)
[2022-07-03T15:01:13.995+0200][gc,task       ] GC(12) Using 10 workers of 10 for evacuation
[2022-07-03T15:01:14.002+0200][gc,phases     ] GC(12)   Pre Evacuate Collection Set: 0.0ms
[2022-07-03T15:01:14.002+0200][gc,phases     ] GC(12)   Evacuate Collection Set: 5.5ms
[2022-07-03T15:01:14.002+0200][gc,phases     ] GC(12)   Post Evacuate Collection Set: 0.9ms
[2022-07-03T15:01:14.003+0200][gc,phases     ] GC(12)   Other: 0.5ms
[2022-07-03T15:01:14.003+0200][gc,heap       ] GC(12) Eden regions: 61->0(69)
[2022-07-03T15:01:14.003+0200][gc,heap       ] GC(12) Survivor regions: 3->3(8)
[2022-07-03T15:01:14.003+0200][gc,heap       ] GC(12) Old regions: 15->15
[2022-07-03T15:01:14.003+0200][gc,heap       ] GC(12) Humongous regions: 129->129
[2022-07-03T15:01:14.003+0200][gc,metaspace  ] GC(12) Metaspace: 43211K->43211K(1087488K)
[2022-07-03T15:01:14.003+0200][gc            ] GC(12) Pause Young (Normal) (G1 Evacuation Pause) 206M->145M(1024M) 8.454ms
[2022-07-03T15:01:14.004+0200][gc,cpu        ] GC(12) User=0.03s Sys=0.02s Real=0.00s
[2022-07-03T15:02:10.238+0200][gc,start      ] GC(13) Pause Young (Normal) (G1 Evacuation Pause)
[2022-07-03T15:02:10.238+0200][gc,task       ] GC(13) Using 10 workers of 10 for evacuation
[2022-07-03T15:02:10.244+0200][gc,phases     ] GC(13)   Pre Evacuate Collection Set: 0.0ms
[2022-07-03T15:02:10.244+0200][gc,phases     ] GC(13)   Evacuate Collection Set: 4.5ms
[2022-07-03T15:02:10.244+0200][gc,phases     ] GC(13)   Post Evacuate Collection Set: 0.8ms
[2022-07-03T15:02:10.244+0200][gc,phases     ] GC(13)   Other: 0.6ms
[2022-07-03T15:02:10.244+0200][gc,heap       ] GC(13) Eden regions: 69->0(80)
[2022-07-03T15:02:10.245+0200][gc,heap       ] GC(13) Survivor regions: 3->3(9)
[2022-07-03T15:02:10.245+0200][gc,heap       ] GC(13) Old regions: 15->15
[2022-07-03T15:02:10.245+0200][gc,heap       ] GC(13) Humongous regions: 129->129
[2022-07-03T15:02:10.245+0200][gc,metaspace  ] GC(13) Metaspace: 43213K->43213K(1087488K)
[2022-07-03T15:02:10.245+0200][gc            ] GC(13) Pause Young (Normal) (G1 Evacuation Pause) 214M->145M(1024M) 7.502ms
[2022-07-03T15:02:10.245+0200][gc,cpu        ] GC(13) User=0.03s Sys=0.01s Real=0.01s
[2022-07-03T15:03:10.892+0200][gc,start      ] GC(14) Pause Young (Normal) (G1 Evacuation Pause)
[2022-07-03T15:03:10.892+0200][gc,task       ] GC(14) Using 10 workers of 10 for evacuation
[2022-07-03T15:03:10.899+0200][gc,phases     ] GC(14)   Pre Evacuate Collection Set: 0.0ms
[2022-07-03T15:03:10.899+0200][gc,phases     ] GC(14)   Evacuate Collection Set: 5.3ms
[2022-07-03T15:03:10.899+0200][gc,phases     ] GC(14)   Post Evacuate Collection Set: 0.9ms
[2022-07-03T15:03:10.900+0200][gc,phases     ] GC(14)   Other: 0.6ms
[2022-07-03T15:03:10.900+0200][gc,heap       ] GC(14) Eden regions: 80->0(91)
[2022-07-03T15:03:10.900+0200][gc,heap       ] GC(14) Survivor regions: 3->4(11)
[2022-07-03T15:03:10.900+0200][gc,heap       ] GC(14) Old regions: 15->15
[2022-07-03T15:03:10.900+0200][gc,heap       ] GC(14) Humongous regions: 129->129
[2022-07-03T15:03:10.900+0200][gc,metaspace  ] GC(14) Metaspace: 44516K->44516K(1089536K)
[2022-07-03T15:03:10.900+0200][gc            ] GC(14) Pause Young (Normal) (G1 Evacuation Pause) 225M->146M(1024M) 8.160ms
[2022-07-03T15:03:10.900+0200][gc,cpu        ] GC(14) User=0.00s Sys=0.04s Real=0.01s
[2022-07-03T15:06:40.706+0200][gc,start      ] GC(15) Pause Young (Normal) (G1 Evacuation Pause)
[2022-07-03T15:06:40.706+0200][gc,task       ] GC(15) Using 10 workers of 10 for evacuation
[2022-07-03T15:06:40.713+0200][gc,phases     ] GC(15)   Pre Evacuate Collection Set: 0.1ms
[2022-07-03T15:06:40.713+0200][gc,phases     ] GC(15)   Evacuate Collection Set: 5.5ms
[2022-07-03T15:06:40.713+0200][gc,phases     ] GC(15)   Post Evacuate Collection Set: 1.0ms
[2022-07-03T15:06:40.713+0200][gc,phases     ] GC(15)   Other: 0.7ms
[2022-07-03T15:06:40.714+0200][gc,heap       ] GC(15) Eden regions: 91->0(107)
[2022-07-03T15:06:40.714+0200][gc,heap       ] GC(15) Survivor regions: 4->4(12)
[2022-07-03T15:06:40.714+0200][gc,heap       ] GC(15) Old regions: 15->15
[2022-07-03T15:06:40.714+0200][gc,heap       ] GC(15) Humongous regions: 129->129
[2022-07-03T15:06:40.714+0200][gc,metaspace  ] GC(15) Metaspace: 44761K->44761K(1089536K)
[2022-07-03T15:06:40.714+0200][gc            ] GC(15) Pause Young (Normal) (G1 Evacuation Pause) 237M->146M(1024M) 8.653ms
[2022-07-03T15:06:40.714+0200][gc,cpu        ] GC(15) User=0.04s Sys=0.01s Real=0.00s
[2022-07-03T15:08:36.201+0200][gc,start      ] GC(16) Pause Young (Normal) (G1 Evacuation Pause)
[2022-07-03T15:08:36.201+0200][gc,task       ] GC(16) Using 10 workers of 10 for evacuation
[2022-07-03T15:08:36.209+0200][gc,phases     ] GC(16)   Pre Evacuate Collection Set: 0.0ms
[2022-07-03T15:08:36.210+0200][gc,phases     ] GC(16)   Evacuate Collection Set: 7.1ms
[2022-07-03T15:08:36.210+0200][gc,phases     ] GC(16)   Post Evacuate Collection Set: 0.9ms
[2022-07-03T15:08:36.210+0200][gc,phases     ] GC(16)   Other: 0.7ms
[2022-07-03T15:08:36.210+0200][gc,heap       ] GC(16) Eden regions: 107->0(145)
[2022-07-03T15:08:36.210+0200][gc,heap       ] GC(16) Survivor regions: 4->5(14)
[2022-07-03T15:08:36.211+0200][gc,heap       ] GC(16) Old regions: 15->15
[2022-07-03T15:08:36.211+0200][gc,heap       ] GC(16) Humongous regions: 129->129
[2022-07-03T15:08:36.211+0200][gc,metaspace  ] GC(16) Metaspace: 45182K->45182K(1089536K)
[2022-07-03T15:08:36.211+0200][gc            ] GC(16) Pause Young (Normal) (G1 Evacuation Pause) 253M->147M(1024M) 10.431ms
[2022-07-03T15:08:36.211+0200][gc,cpu        ] GC(16) User=0.04s Sys=0.02s Real=0.01s
[2022-07-03T15:09:57.571+0200][gc,start      ] GC(17) Pause Young (Normal) (G1 Evacuation Pause)
[2022-07-03T15:09:57.571+0200][gc,task       ] GC(17) Using 10 workers of 10 for evacuation
[2022-07-03T15:09:57.581+0200][gc,phases     ] GC(17)   Pre Evacuate Collection Set: 0.0ms
[2022-07-03T15:09:57.581+0200][gc,phases     ] GC(17)   Evacuate Collection Set: 6.1ms
[2022-07-03T15:09:57.581+0200][gc,phases     ] GC(17)   Post Evacuate Collection Set: 3.0ms
[2022-07-03T15:09:57.581+0200][gc,phases     ] GC(17)   Other: 0.5ms
[2022-07-03T15:09:57.582+0200][gc,heap       ] GC(17) Eden regions: 145->0(220)
[2022-07-03T15:09:57.582+0200][gc,heap       ] GC(17) Survivor regions: 5->5(19)
[2022-07-03T15:09:57.582+0200][gc,heap       ] GC(17) Old regions: 15->15
[2022-07-03T15:09:57.582+0200][gc,heap       ] GC(17) Humongous regions: 129->129
[2022-07-03T15:09:57.582+0200][gc,metaspace  ] GC(17) Metaspace: 45196K->45196K(1089536K)
[2022-07-03T15:09:57.582+0200][gc            ] GC(17) Pause Young (Normal) (G1 Evacuation Pause) 292M->147M(1024M) 11.151ms
[2022-07-03T15:09:57.582+0200][gc,cpu        ] GC(17) User=0.05s Sys=0.02s Real=0.01s
[2022-07-03T15:12:06.675+0200][gc,start      ] GC(18) Pause Young (Normal) (G1 Evacuation Pause)
[2022-07-03T15:12:06.676+0200][gc,task       ] GC(18) Using 10 workers of 10 for evacuation
[2022-07-03T15:12:06.686+0200][gc,phases     ] GC(18)   Pre Evacuate Collection Set: 0.1ms
[2022-07-03T15:12:06.686+0200][gc,phases     ] GC(18)   Evacuate Collection Set: 8.1ms
[2022-07-03T15:12:06.687+0200][gc,phases     ] GC(18)   Post Evacuate Collection Set: 1.9ms
[2022-07-03T15:12:06.687+0200][gc,phases     ] GC(18)   Other: 0.7ms
[2022-07-03T15:12:06.687+0200][gc,heap       ] GC(18) Eden regions: 220->0(260)
[2022-07-03T15:12:06.687+0200][gc,heap       ] GC(18) Survivor regions: 5->5(29)
[2022-07-03T15:12:06.687+0200][gc,heap       ] GC(18) Old regions: 15->15
[2022-07-03T15:12:06.688+0200][gc,heap       ] GC(18) Humongous regions: 129->129
[2022-07-03T15:12:06.688+0200][gc,metaspace  ] GC(18) Metaspace: 45212K->45212K(1089536K)
[2022-07-03T15:12:06.688+0200][gc            ] GC(18) Pause Young (Normal) (G1 Evacuation Pause) 367M->147M(1024M) 12.715ms
[2022-07-03T15:12:06.688+0200][gc,cpu        ] GC(18) User=0.07s Sys=0.00s Real=0.01s
[2022-07-03T15:14:40.014+0200][gc,start      ] GC(19) Pause Young (Normal) (G1 Evacuation Pause)
[2022-07-03T15:14:40.014+0200][gc,task       ] GC(19) Using 10 workers of 10 for evacuation
[2022-07-03T15:14:40.021+0200][gc,phases     ] GC(19)   Pre Evacuate Collection Set: 0.0ms
[2022-07-03T15:14:40.021+0200][gc,phases     ] GC(19)   Evacuate Collection Set: 5.4ms
[2022-07-03T15:14:40.021+0200][gc,phases     ] GC(19)   Post Evacuate Collection Set: 1.4ms
[2022-07-03T15:14:40.022+0200][gc,phases     ] GC(19)   Other: 0.5ms
[2022-07-03T15:14:40.022+0200][gc,heap       ] GC(19) Eden regions: 260->0(280)
[2022-07-03T15:14:40.022+0200][gc,heap       ] GC(19) Survivor regions: 5->5(34)
[2022-07-03T15:14:40.022+0200][gc,heap       ] GC(19) Old regions: 15->15
[2022-07-03T15:14:40.022+0200][gc,heap       ] GC(19) Humongous regions: 129->129
[2022-07-03T15:14:40.022+0200][gc,metaspace  ] GC(19) Metaspace: 45285K->45285K(1089536K)
[2022-07-03T15:14:40.022+0200][gc            ] GC(19) Pause Young (Normal) (G1 Evacuation Pause) 407M->147M(1024M) 8.686ms
[2022-07-03T15:14:40.023+0200][gc,cpu        ] GC(19) User=0.00s Sys=0.05s Real=0.01s
[2022-07-03T15:17:55.311+0200][gc,start      ] GC(20) Pause Young (Normal) (G1 Evacuation Pause)
[2022-07-03T15:17:55.311+0200][gc,task       ] GC(20) Using 10 workers of 10 for evacuation
[2022-07-03T15:17:55.333+0200][gc,mmu        ] GC(20) MMU target violated: 21.0ms (20.0ms/21.0ms)
[2022-07-03T15:17:55.333+0200][gc,phases     ] GC(20)   Pre Evacuate Collection Set: 3.2ms
[2022-07-03T15:17:55.334+0200][gc,phases     ] GC(20)   Evacuate Collection Set: 13.3ms
[2022-07-03T15:17:55.334+0200][gc,phases     ] GC(20)   Post Evacuate Collection Set: 4.9ms
[2022-07-03T15:17:55.334+0200][gc,phases     ] GC(20)   Other: 1.5ms
[2022-07-03T15:17:55.334+0200][gc,heap       ] GC(20) Eden regions: 280->0(316)
[2022-07-03T15:17:55.334+0200][gc,heap       ] GC(20) Survivor regions: 5->5(36)
[2022-07-03T15:17:55.334+0200][gc,heap       ] GC(20) Old regions: 15->15
[2022-07-03T15:17:55.335+0200][gc,heap       ] GC(20) Humongous regions: 129->129
[2022-07-03T15:17:55.335+0200][gc,metaspace  ] GC(20) Metaspace: 45325K->45325K(1089536K)
[2022-07-03T15:17:55.335+0200][gc            ] GC(20) Pause Young (Normal) (G1 Evacuation Pause) 427M->147M(1024M) 24.101ms
[2022-07-03T15:17:55.335+0200][gc,cpu        ] GC(20) User=0.13s Sys=0.02s Real=0.03s
[2022-07-03T16:52:45.934+0200][gc,start      ] GC(21) Pause Young (Normal) (G1 Evacuation Pause)
[2022-07-03T16:52:45.936+0200][gc,task       ] GC(21) Using 10 workers of 10 for evacuation
[2022-07-03T16:52:46.030+0200][gc,mmu        ] GC(21) MMU target violated: 21.0ms (20.0ms/21.0ms)
[2022-07-03T16:52:46.032+0200][gc,phases     ] GC(21)   Pre Evacuate Collection Set: 15.2ms
[2022-07-03T16:52:46.032+0200][gc,phases     ] GC(21)   Evacuate Collection Set: 68.6ms
[2022-07-03T16:52:46.032+0200][gc,phases     ] GC(21)   Post Evacuate Collection Set: 8.5ms
[2022-07-03T16:52:46.033+0200][gc,phases     ] GC(21)   Other: 7.1ms
[2022-07-03T16:52:46.033+0200][gc,heap       ] GC(21) Eden regions: 316->0(46)
[2022-07-03T16:52:46.033+0200][gc,heap       ] GC(21) Survivor regions: 5->5(41)
[2022-07-03T16:52:46.033+0200][gc,heap       ] GC(21) Old regions: 15->17
[2022-07-03T16:52:46.033+0200][gc,heap       ] GC(21) Humongous regions: 129->129
[2022-07-03T16:52:46.034+0200][gc,metaspace  ] GC(21) Metaspace: 45802K->45802K(1091584K)
[2022-07-03T16:52:46.034+0200][gc            ] GC(21) Pause Young (Normal) (G1 Evacuation Pause) 463M->148M(1024M) 100.215ms
[2022-07-03T16:52:46.034+0200][gc,cpu        ] GC(21) User=0.71s Sys=0.00s Real=0.10s
[2022-07-03T17:07:05.905+0200][gc,start      ] GC(22) Pause Young (Normal) (G1 Evacuation Pause)
[2022-07-03T17:07:05.906+0200][gc,task       ] GC(22) Using 10 workers of 10 for evacuation
[2022-07-03T17:07:05.917+0200][gc,phases     ] GC(22)   Pre Evacuate Collection Set: 0.1ms
[2022-07-03T17:07:05.917+0200][gc,phases     ] GC(22)   Evacuate Collection Set: 8.3ms
[2022-07-03T17:07:05.917+0200][gc,phases     ] GC(22)   Post Evacuate Collection Set: 1.7ms
[2022-07-03T17:07:05.917+0200][gc,phases     ] GC(22)   Other: 1.1ms
[2022-07-03T17:07:05.918+0200][gc,heap       ] GC(22) Eden regions: 46->0(47)
[2022-07-03T17:07:05.918+0200][gc,heap       ] GC(22) Survivor regions: 5->4(7)
[2022-07-03T17:07:05.918+0200][gc,heap       ] GC(22) Old regions: 17->18
[2022-07-03T17:07:05.918+0200][gc,heap       ] GC(22) Humongous regions: 129->129
[2022-07-03T17:07:05.918+0200][gc,metaspace  ] GC(22) Metaspace: 45829K->45829K(1091584K)
[2022-07-03T17:07:05.919+0200][gc            ] GC(22) Pause Young (Normal) (G1 Evacuation Pause) 194M->148M(1024M) 13.313ms
[2022-07-03T17:07:05.919+0200][gc,cpu        ] GC(22) User=0.06s Sys=0.01s Real=0.01s
[2022-07-03T17:22:13.598+0200][gc,start      ] GC(23) Pause Young (Normal) (G1 Evacuation Pause)
[2022-07-03T17:22:13.598+0200][gc,task       ] GC(23) Using 10 workers of 10 for evacuation
[2022-07-03T17:22:13.611+0200][gc,phases     ] GC(23)   Pre Evacuate Collection Set: 0.1ms
[2022-07-03T17:22:13.611+0200][gc,phases     ] GC(23)   Evacuate Collection Set: 11.3ms
[2022-07-03T17:22:13.611+0200][gc,phases     ] GC(23)   Post Evacuate Collection Set: 1.0ms
[2022-07-03T17:22:13.612+0200][gc,phases     ] GC(23)   Other: 0.7ms
[2022-07-03T17:22:13.612+0200][gc,heap       ] GC(23) Eden regions: 47->0(54)
[2022-07-03T17:22:13.612+0200][gc,heap       ] GC(23) Survivor regions: 4->5(7)
[2022-07-03T17:22:13.612+0200][gc,heap       ] GC(23) Old regions: 18->18
[2022-07-03T17:22:13.612+0200][gc,heap       ] GC(23) Humongous regions: 129->129
[2022-07-03T17:22:13.613+0200][gc,metaspace  ] GC(23) Metaspace: 45831K->45831K(1091584K)
[2022-07-03T17:22:13.613+0200][gc            ] GC(23) Pause Young (Normal) (G1 Evacuation Pause) 195M->149M(1024M) 15.027ms
[2022-07-03T17:22:13.613+0200][gc,cpu        ] GC(23) User=0.09s Sys=0.00s Real=0.01s
