[2022-07-03T14:01:04.339+0200][gc,heap] Heap region size: 1M
[2022-07-03T14:01:04.347+0200][gc     ] Using G1
[2022-07-03T14:01:04.347+0200][gc,heap,coops] Heap address: 0x00000000c0000000, size: 1024 MB, Compressed Oops mode: 32-bit
[2022-07-03T14:01:04.347+0200][gc,cds       ] Mark closed archive regions in map: [0x00000000fff00000, 0x00000000fff6aff8]
[2022-07-03T14:01:04.348+0200][gc,cds       ] Mark open archive regions in map: [0x00000000ffe00000, 0x00000000ffe46ff8]
[2022-07-03T14:01:06.137+0200][gc,start     ] GC(0) Pause Young (Normal) (G1 Evacuation Pause)
[2022-07-03T14:01:06.139+0200][gc,task      ] GC(0) Using 10 workers of 10 for evacuation
[2022-07-03T14:01:06.151+0200][gc,phases    ] GC(0)   Pre Evacuate Collection Set: 0.0ms
[2022-07-03T14:01:06.151+0200][gc,phases    ] GC(0)   Evacuate Collection Set: 10.4ms
[2022-07-03T14:01:06.151+0200][gc,phases    ] GC(0)   Post Evacuate Collection Set: 0.8ms
[2022-07-03T14:01:06.151+0200][gc,phases    ] GC(0)   Other: 2.4ms
[2022-07-03T14:01:06.152+0200][gc,heap      ] GC(0) Eden regions: 51->0(44)
[2022-07-03T14:01:06.152+0200][gc,heap      ] GC(0) Survivor regions: 0->7(7)
[2022-07-03T14:01:06.152+0200][gc,heap      ] GC(0) Old regions: 2->2
[2022-07-03T14:01:06.152+0200][gc,heap      ] GC(0) Humongous regions: 0->0
[2022-07-03T14:01:06.152+0200][gc,metaspace ] GC(0) Metaspace: 15100K->15100K(1062912K)
[2022-07-03T14:01:06.152+0200][gc           ] GC(0) Pause Young (Normal) (G1 Evacuation Pause) 51M->7M(1024M) 15.249ms
[2022-07-03T14:01:06.153+0200][gc,cpu       ] GC(0) User=0.05s Sys=0.02s Real=0.01s
[2022-07-03T14:01:06.923+0200][gc,start     ] GC(1) Pause Young (Concurrent Start) (Metadata GC Threshold)
[2022-07-03T14:01:06.923+0200][gc,task      ] GC(1) Using 10 workers of 10 for evacuation
[2022-07-03T14:01:06.937+0200][gc,phases    ] GC(1)   Pre Evacuate Collection Set: 0.1ms
[2022-07-03T14:01:06.938+0200][gc,phases    ] GC(1)   Evacuate Collection Set: 12.9ms
[2022-07-03T14:01:06.938+0200][gc,phases    ] GC(1)   Post Evacuate Collection Set: 0.6ms
[2022-07-03T14:01:06.938+0200][gc,phases    ] GC(1)   Other: 0.7ms
[2022-07-03T14:01:06.938+0200][gc,heap      ] GC(1) Eden regions: 23->0(49)
[2022-07-03T14:01:06.938+0200][gc,heap      ] GC(1) Survivor regions: 7->2(7)
[2022-07-03T14:01:06.938+0200][gc,heap      ] GC(1) Old regions: 2->9
[2022-07-03T14:01:06.939+0200][gc,heap      ] GC(1) Humongous regions: 0->0
[2022-07-03T14:01:06.939+0200][gc,metaspace ] GC(1) Metaspace: 20642K->20642K(1067008K)
[2022-07-03T14:01:06.939+0200][gc           ] GC(1) Pause Young (Concurrent Start) (Metadata GC Threshold) 30M->8M(1024M) 16.029ms
[2022-07-03T14:01:06.939+0200][gc,cpu       ] GC(1) User=0.00s Sys=0.09s Real=0.02s
[2022-07-03T14:01:06.939+0200][gc           ] GC(2) Concurrent Cycle
[2022-07-03T14:01:06.939+0200][gc,marking   ] GC(2) Concurrent Clear Claimed Marks
[2022-07-03T14:01:06.940+0200][gc,marking   ] GC(2) Concurrent Clear Claimed Marks 0.364ms
[2022-07-03T14:01:06.940+0200][gc,marking   ] GC(2) Concurrent Scan Root Regions
[2022-07-03T14:01:06.941+0200][gc,marking   ] GC(2) Concurrent Scan Root Regions 1.166ms
[2022-07-03T14:01:06.941+0200][gc,marking   ] GC(2) Concurrent Mark (2.609s)
[2022-07-03T14:01:06.942+0200][gc,marking   ] GC(2) Concurrent Mark From Roots
[2022-07-03T14:01:06.942+0200][gc,task      ] GC(2) Using 3 workers of 3 for marking
[2022-07-03T14:01:06.947+0200][gc,marking   ] GC(2) Concurrent Mark From Roots 4.898ms
[2022-07-03T14:01:06.947+0200][gc,marking   ] GC(2) Concurrent Preclean
[2022-07-03T14:01:06.947+0200][gc,marking   ] GC(2) Concurrent Preclean 0.222ms
[2022-07-03T14:01:06.947+0200][gc,marking   ] GC(2) Concurrent Mark (2.609s, 2.615s) 6.061ms
[2022-07-03T14:01:06.948+0200][gc,start     ] GC(2) Pause Remark
[2022-07-03T14:01:06.951+0200][gc,stringtable] GC(2) Cleaned string and symbol table, strings: 5092 processed, 0 removed, symbols: 51125 processed, 57 removed
[2022-07-03T14:01:06.951+0200][gc            ] GC(2) Pause Remark 8M->8M(1024M) 3.100ms
[2022-07-03T14:01:06.952+0200][gc,cpu        ] GC(2) User=0.02s Sys=0.00s Real=0.00s
[2022-07-03T14:01:06.952+0200][gc,marking    ] GC(2) Concurrent Rebuild Remembered Sets
[2022-07-03T14:01:06.954+0200][gc,marking    ] GC(2) Concurrent Rebuild Remembered Sets 2.123ms
[2022-07-03T14:01:06.955+0200][gc,start      ] GC(2) Pause Cleanup
[2022-07-03T14:01:06.955+0200][gc            ] GC(2) Pause Cleanup 8M->8M(1024M) 0.591ms
[2022-07-03T14:01:06.956+0200][gc,cpu        ] GC(2) User=0.00s Sys=0.00s Real=0.01s
[2022-07-03T14:01:06.956+0200][gc,marking    ] GC(2) Concurrent Cleanup for Next Mark
[2022-07-03T14:01:06.960+0200][gc,marking    ] GC(2) Concurrent Cleanup for Next Mark 3.829ms
[2022-07-03T14:01:06.960+0200][gc            ] GC(2) Concurrent Cycle 20.838ms
[2022-07-03T14:01:07.956+0200][gc,start      ] GC(3) Pause Young (Normal) (G1 Evacuation Pause)
[2022-07-03T14:01:07.956+0200][gc,task       ] GC(3) Using 10 workers of 10 for evacuation
[2022-07-03T14:01:07.960+0200][gc,phases     ] GC(3)   Pre Evacuate Collection Set: 0.0ms
[2022-07-03T14:01:07.960+0200][gc,phases     ] GC(3)   Evacuate Collection Set: 2.8ms
[2022-07-03T14:01:07.960+0200][gc,phases     ] GC(3)   Post Evacuate Collection Set: 0.7ms
[2022-07-03T14:01:07.961+0200][gc,phases     ] GC(3)   Other: 0.7ms
[2022-07-03T14:01:07.961+0200][gc,heap       ] GC(3) Eden regions: 49->0(46)
[2022-07-03T14:01:07.961+0200][gc,heap       ] GC(3) Survivor regions: 2->5(7)
[2022-07-03T14:01:07.961+0200][gc,heap       ] GC(3) Old regions: 9->9
[2022-07-03T14:01:07.961+0200][gc,heap       ] GC(3) Humongous regions: 129->129
[2022-07-03T14:01:07.962+0200][gc,metaspace  ] GC(3) Metaspace: 29228K->29228K(1075200K)
[2022-07-03T14:01:07.962+0200][gc            ] GC(3) Pause Young (Normal) (G1 Evacuation Pause) 186M->140M(1024M) 6.228ms
[2022-07-03T14:01:07.962+0200][gc,cpu        ] GC(3) User=0.02s Sys=0.00s Real=0.00s
[2022-07-03T14:01:08.404+0200][gc,start      ] GC(4) Pause Young (Concurrent Start) (Metadata GC Threshold)
[2022-07-03T14:01:08.404+0200][gc,task       ] GC(4) Using 10 workers of 10 for evacuation
[2022-07-03T14:01:08.413+0200][gc,phases     ] GC(4)   Pre Evacuate Collection Set: 0.1ms
[2022-07-03T14:01:08.413+0200][gc,phases     ] GC(4)   Evacuate Collection Set: 7.8ms
[2022-07-03T14:01:08.413+0200][gc,phases     ] GC(4)   Post Evacuate Collection Set: 0.6ms
[2022-07-03T14:01:08.413+0200][gc,phases     ] GC(4)   Other: 0.5ms
[2022-07-03T14:01:08.413+0200][gc,heap       ] GC(4) Eden regions: 26->0(45)
[2022-07-03T14:01:08.414+0200][gc,heap       ] GC(4) Survivor regions: 5->6(7)
[2022-07-03T14:01:08.414+0200][gc,heap       ] GC(4) Old regions: 9->10
[2022-07-03T14:01:08.414+0200][gc,heap       ] GC(4) Humongous regions: 129->129
[2022-07-03T14:01:08.414+0200][gc,metaspace  ] GC(4) Metaspace: 34576K->34576K(1081344K)
[2022-07-03T14:01:08.414+0200][gc            ] GC(4) Pause Young (Concurrent Start) (Metadata GC Threshold) 166M->142M(1024M) 10.730ms
[2022-07-03T14:01:08.414+0200][gc,cpu        ] GC(4) User=0.05s Sys=0.00s Real=0.01s
[2022-07-03T14:01:08.415+0200][gc            ] GC(5) Concurrent Cycle
[2022-07-03T14:01:08.415+0200][gc,marking    ] GC(5) Concurrent Clear Claimed Marks
[2022-07-03T14:01:08.415+0200][gc,marking    ] GC(5) Concurrent Clear Claimed Marks 0.457ms
[2022-07-03T14:01:08.416+0200][gc,marking    ] GC(5) Concurrent Scan Root Regions
[2022-07-03T14:01:08.418+0200][gc,marking    ] GC(5) Concurrent Scan Root Regions 2.048ms
[2022-07-03T14:01:08.418+0200][gc,marking    ] GC(5) Concurrent Mark (4.085s)
[2022-07-03T14:01:08.418+0200][gc,marking    ] GC(5) Concurrent Mark From Roots
[2022-07-03T14:01:08.418+0200][gc,task       ] GC(5) Using 3 workers of 3 for marking
[2022-07-03T14:01:08.424+0200][gc,marking    ] GC(5) Concurrent Mark From Roots 5.612ms
[2022-07-03T14:01:08.424+0200][gc,marking    ] GC(5) Concurrent Preclean
[2022-07-03T14:01:08.425+0200][gc,marking    ] GC(5) Concurrent Preclean 0.418ms
[2022-07-03T14:01:08.425+0200][gc,marking    ] GC(5) Concurrent Mark (4.085s, 4.092s) 7.207ms
[2022-07-03T14:01:08.426+0200][gc,start      ] GC(5) Pause Remark
[2022-07-03T14:01:08.431+0200][gc,stringtable] GC(5) Cleaned string and symbol table, strings: 10456 processed, 12 removed, symbols: 83331 processed, 17 removed
[2022-07-03T14:01:08.431+0200][gc            ] GC(5) Pause Remark 143M->143M(1024M) 5.453ms
[2022-07-03T14:01:08.432+0200][gc,cpu        ] GC(5) User=0.03s Sys=0.01s Real=0.00s
[2022-07-03T14:01:08.432+0200][gc,marking    ] GC(5) Concurrent Rebuild Remembered Sets
[2022-07-03T14:01:08.435+0200][gc,marking    ] GC(5) Concurrent Rebuild Remembered Sets 3.284ms
[2022-07-03T14:01:08.436+0200][gc,start      ] GC(5) Pause Cleanup
[2022-07-03T14:01:08.437+0200][gc            ] GC(5) Pause Cleanup 143M->143M(1024M) 0.517ms
[2022-07-03T14:01:08.437+0200][gc,cpu        ] GC(5) User=0.00s Sys=0.00s Real=0.00s
[2022-07-03T14:01:08.437+0200][gc,marking    ] GC(5) Concurrent Cleanup for Next Mark
[2022-07-03T14:01:08.446+0200][gc,marking    ] GC(5) Concurrent Cleanup for Next Mark 9.409ms
[2022-07-03T14:01:08.447+0200][gc            ] GC(5) Concurrent Cycle 32.159ms
[2022-07-03T14:06:54.072+0200][gc,start      ] GC(6) Pause Young (Normal) (G1 Evacuation Pause)
[2022-07-03T14:06:54.073+0200][gc,task       ] GC(6) Using 10 workers of 10 for evacuation
[2022-07-03T14:06:54.081+0200][gc,phases     ] GC(6)   Pre Evacuate Collection Set: 0.1ms
[2022-07-03T14:06:54.081+0200][gc,phases     ] GC(6)   Evacuate Collection Set: 6.3ms
[2022-07-03T14:06:54.081+0200][gc,phases     ] GC(6)   Post Evacuate Collection Set: 1.1ms
[2022-07-03T14:06:54.081+0200][gc,phases     ] GC(6)   Other: 0.6ms
[2022-07-03T14:06:54.081+0200][gc,heap       ] GC(6) Eden regions: 45->0(46)
[2022-07-03T14:06:54.082+0200][gc,heap       ] GC(6) Survivor regions: 6->5(7)
[2022-07-03T14:06:54.082+0200][gc,heap       ] GC(6) Old regions: 10->13
[2022-07-03T14:06:54.082+0200][gc,heap       ] GC(6) Humongous regions: 129->129
[2022-07-03T14:06:54.082+0200][gc,metaspace  ] GC(6) Metaspace: 41678K->41678K(1087488K)
[2022-07-03T14:06:54.082+0200][gc            ] GC(6) Pause Young (Normal) (G1 Evacuation Pause) 187M->144M(1024M) 9.728ms
[2022-07-03T14:06:54.082+0200][gc,cpu        ] GC(6) User=0.00s Sys=0.06s Real=0.01s
[2022-07-03T14:16:17.516+0200][gc,start      ] GC(7) Pause Young (Normal) (G1 Evacuation Pause)
[2022-07-03T14:16:17.517+0200][gc,task       ] GC(7) Using 10 workers of 10 for evacuation
[2022-07-03T14:16:17.541+0200][gc,mmu        ] GC(7) MMU target violated: 21.0ms (20.0ms/21.0ms)
[2022-07-03T14:16:17.541+0200][gc,phases     ] GC(7)   Pre Evacuate Collection Set: 6.4ms
[2022-07-03T14:16:17.541+0200][gc,phases     ] GC(7)   Evacuate Collection Set: 14.8ms
[2022-07-03T14:16:17.542+0200][gc,phases     ] GC(7)   Post Evacuate Collection Set: 2.0ms
[2022-07-03T14:16:17.542+0200][gc,phases     ] GC(7)   Other: 1.9ms
[2022-07-03T14:16:17.542+0200][gc,heap       ] GC(7) Eden regions: 46->0(46)
[2022-07-03T14:16:17.542+0200][gc,heap       ] GC(7) Survivor regions: 5->5(7)
[2022-07-03T14:16:17.542+0200][gc,heap       ] GC(7) Old regions: 13->15
[2022-07-03T14:16:17.542+0200][gc,heap       ] GC(7) Humongous regions: 129->129
[2022-07-03T14:16:17.542+0200][gc,metaspace  ] GC(7) Metaspace: 44821K->44821K(1089536K)
[2022-07-03T14:16:17.543+0200][gc            ] GC(7) Pause Young (Normal) (G1 Evacuation Pause) 190M->147M(1024M) 26.350ms
[2022-07-03T14:16:17.543+0200][gc,cpu        ] GC(7) User=0.13s Sys=0.00s Real=0.02s
[2022-07-03T14:30:30.800+0200][gc,start      ] GC(8) Pause Young (Normal) (G1 Evacuation Pause)
[2022-07-03T14:30:30.801+0200][gc,task       ] GC(8) Using 10 workers of 10 for evacuation
[2022-07-03T14:30:30.821+0200][gc,phases     ] GC(8)   Pre Evacuate Collection Set: 7.6ms
[2022-07-03T14:30:30.821+0200][gc,phases     ] GC(8)   Evacuate Collection Set: 10.8ms
[2022-07-03T14:30:30.821+0200][gc,phases     ] GC(8)   Post Evacuate Collection Set: 1.2ms
[2022-07-03T14:30:30.821+0200][gc,phases     ] GC(8)   Other: 1.3ms
[2022-07-03T14:30:30.822+0200][gc,heap       ] GC(8) Eden regions: 46->0(47)
[2022-07-03T14:30:30.822+0200][gc,heap       ] GC(8) Survivor regions: 5->4(7)
[2022-07-03T14:30:30.822+0200][gc,heap       ] GC(8) Old regions: 15->17
[2022-07-03T14:30:30.822+0200][gc,heap       ] GC(8) Humongous regions: 129->129
[2022-07-03T14:30:30.822+0200][gc,metaspace  ] GC(8) Metaspace: 44936K->44936K(1089536K)
[2022-07-03T14:30:30.822+0200][gc            ] GC(8) Pause Young (Normal) (G1 Evacuation Pause) 193M->148M(1024M) 22.235ms
[2022-07-03T14:30:30.823+0200][gc,cpu        ] GC(8) User=0.10s Sys=0.00s Real=0.02s
[2022-07-03T14:46:17.930+0200][gc,start      ] GC(9) Pause Young (Normal) (G1 Evacuation Pause)
[2022-07-03T14:46:17.931+0200][gc,task       ] GC(9) Using 10 workers of 10 for evacuation
[2022-07-03T14:46:17.937+0200][gc,phases     ] GC(9)   Pre Evacuate Collection Set: 0.1ms
[2022-07-03T14:46:17.937+0200][gc,phases     ] GC(9)   Evacuate Collection Set: 3.7ms
[2022-07-03T14:46:17.937+0200][gc,phases     ] GC(9)   Post Evacuate Collection Set: 1.6ms
[2022-07-03T14:46:17.937+0200][gc,phases     ] GC(9)   Other: 0.7ms
[2022-07-03T14:46:17.937+0200][gc,heap       ] GC(9) Eden regions: 47->0(47)
[2022-07-03T14:46:17.938+0200][gc,heap       ] GC(9) Survivor regions: 4->4(7)
[2022-07-03T14:46:17.938+0200][gc,heap       ] GC(9) Old regions: 17->17
[2022-07-03T14:46:17.938+0200][gc,heap       ] GC(9) Humongous regions: 129->129
[2022-07-03T14:46:17.938+0200][gc,metaspace  ] GC(9) Metaspace: 45052K->45052K(1089536K)
[2022-07-03T14:46:17.938+0200][gc            ] GC(9) Pause Young (Normal) (G1 Evacuation Pause) 195M->148M(1024M) 8.091ms
[2022-07-03T14:46:17.939+0200][gc,cpu        ] GC(9) User=0.03s Sys=0.00s Real=0.01s
[2022-07-03T14:48:58.178+0200][gc,heap,exit  ] Heap
[2022-07-03T14:48:58.178+0200][gc,heap,exit  ]  garbage-first heap   total 1048576K, used 169415K [0x00000000c0000000, 0x0000000100000000)
[2022-07-03T14:48:58.178+0200][gc,heap,exit  ]   region size 1024K, 23 young (23552K), 4 survivors (4096K)
[2022-07-03T14:48:58.178+0200][gc,heap,exit  ]  Metaspace       used 46062K, capacity 49104K, committed 49280K, reserved 1091584K
[2022-07-03T14:48:58.178+0200][gc,heap,exit  ]   class space    used 6470K, capacity 7950K, committed 8064K, reserved 1048576K
