[2022-07-03T13:59:44.239+0200][gc,heap] Heap region size: 1M
[2022-07-03T13:59:44.243+0200][gc     ] Using G1
[2022-07-03T13:59:44.243+0200][gc,heap,coops] Heap address: 0x00000000e0000000, size: 512 MB, Compressed Oops mode: 32-bit
[2022-07-03T13:59:44.243+0200][gc,cds       ] Mark closed archive regions in map: [0x00000000fff00000, 0x00000000fff6aff8]
[2022-07-03T13:59:44.243+0200][gc,cds       ] Mark open archive regions in map: [0x00000000ffe00000, 0x00000000ffe46ff8]
[2022-07-03T13:59:45.755+0200][gc,start     ] GC(0) Pause Young (Normal) (G1 Evacuation Pause)
[2022-07-03T13:59:45.756+0200][gc,task      ] GC(0) Using 10 workers of 10 for evacuation
[2022-07-03T13:59:45.773+0200][gc,phases    ] GC(0)   Pre Evacuate Collection Set: 0.0ms
[2022-07-03T13:59:45.773+0200][gc,phases    ] GC(0)   Evacuate Collection Set: 11.6ms
[2022-07-03T13:59:45.773+0200][gc,phases    ] GC(0)   Post Evacuate Collection Set: 0.6ms
[2022-07-03T13:59:45.774+0200][gc,phases    ] GC(0)   Other: 6.1ms
[2022-07-03T13:59:45.774+0200][gc,heap      ] GC(0) Eden regions: 25->0(21)
[2022-07-03T13:59:45.774+0200][gc,heap      ] GC(0) Survivor regions: 0->4(4)
[2022-07-03T13:59:45.774+0200][gc,heap      ] GC(0) Old regions: 2->5
[2022-07-03T13:59:45.774+0200][gc,heap      ] GC(0) Humongous regions: 0->0
[2022-07-03T13:59:45.775+0200][gc,metaspace ] GC(0) Metaspace: 7590K->7590K(1056768K)
[2022-07-03T13:59:45.775+0200][gc           ] GC(0) Pause Young (Normal) (G1 Evacuation Pause) 25M->7M(512M) 20.185ms
[2022-07-03T13:59:45.775+0200][gc,cpu       ] GC(0) User=0.06s Sys=0.03s Real=0.03s
[2022-07-03T14:00:00.251+0200][gc,heap,exit ] Heap
[2022-07-03T14:00:00.251+0200][gc,heap,exit ]  garbage-first heap   total 524288K, used 9725K [0x00000000e0000000, 0x0000000100000000)
[2022-07-03T14:00:00.252+0200][gc,heap,exit ]   region size 1024K, 7 young (7168K), 4 survivors (4096K)
[2022-07-03T14:00:00.252+0200][gc,heap,exit ]  Metaspace       used 7967K, capacity 8362K, committed 8576K, reserved 1056768K
[2022-07-03T14:00:00.252+0200][gc,heap,exit ]   class space    used 889K, capacity 1054K, committed 1152K, reserved 1048576K
