[2022-07-03T14:00:16.806+0200][gc,heap] Heap region size: 1M
[2022-07-03T14:00:16.810+0200][gc     ] Using G1
[2022-07-03T14:00:16.811+0200][gc,heap,coops] Heap address: 0x00000000e0000000, size: 512 MB, Compressed Oops mode: 32-bit
[2022-07-03T14:00:16.811+0200][gc,cds       ] Mark closed archive regions in map: [0x00000000fff00000, 0x00000000fff6aff8]
[2022-07-03T14:00:16.811+0200][gc,cds       ] Mark open archive regions in map: [0x00000000ffe00000, 0x00000000ffe46ff8]
[2022-07-03T14:00:18.423+0200][gc,start     ] GC(0) Pause Young (Normal) (G1 Evacuation Pause)
[2022-07-03T14:00:18.425+0200][gc,task      ] GC(0) Using 10 workers of 10 for evacuation
[2022-07-03T14:00:18.438+0200][gc,phases    ] GC(0)   Pre Evacuate Collection Set: 0.0ms
[2022-07-03T14:00:18.438+0200][gc,phases    ] GC(0)   Evacuate Collection Set: 11.9ms
[2022-07-03T14:00:18.439+0200][gc,phases    ] GC(0)   Post Evacuate Collection Set: 0.6ms
[2022-07-03T14:00:18.439+0200][gc,phases    ] GC(0)   Other: 2.6ms
[2022-07-03T14:00:18.439+0200][gc,heap      ] GC(0) Eden regions: 25->0(21)
[2022-07-03T14:00:18.439+0200][gc,heap      ] GC(0) Survivor regions: 0->4(4)
[2022-07-03T14:00:18.440+0200][gc,heap      ] GC(0) Old regions: 2->5
[2022-07-03T14:00:18.440+0200][gc,heap      ] GC(0) Humongous regions: 0->0
[2022-07-03T14:00:18.440+0200][gc,metaspace ] GC(0) Metaspace: 7586K->7586K(1056768K)
[2022-07-03T14:00:18.440+0200][gc           ] GC(0) Pause Young (Normal) (G1 Evacuation Pause) 25M->7M(512M) 17.053ms
[2022-07-03T14:00:18.440+0200][gc,cpu       ] GC(0) User=0.06s Sys=0.01s Real=0.02s
[2022-07-03T14:36:44.571+0200][gc,start     ] GC(1) Pause Young (Normal) (G1 Evacuation Pause)
[2022-07-03T14:36:44.572+0200][gc,task      ] GC(1) Using 10 workers of 10 for evacuation
[2022-07-03T14:36:44.590+0200][gc,phases    ] GC(1)   Pre Evacuate Collection Set: 4.5ms
[2022-07-03T14:36:44.590+0200][gc,phases    ] GC(1)   Evacuate Collection Set: 12.6ms
[2022-07-03T14:36:44.591+0200][gc,phases    ] GC(1)   Post Evacuate Collection Set: 0.9ms
[2022-07-03T14:36:44.591+0200][gc,phases    ] GC(1)   Other: 1.1ms
[2022-07-03T14:36:44.591+0200][gc,heap      ] GC(1) Eden regions: 21->0(24)
[2022-07-03T14:36:44.591+0200][gc,heap      ] GC(1) Survivor regions: 4->1(4)
[2022-07-03T14:36:44.591+0200][gc,heap      ] GC(1) Old regions: 5->10
[2022-07-03T14:36:44.591+0200][gc,heap      ] GC(1) Humongous regions: 0->0
[2022-07-03T14:36:44.591+0200][gc,metaspace ] GC(1) Metaspace: 9383K->9383K(1058816K)
[2022-07-03T14:36:44.592+0200][gc           ] GC(1) Pause Young (Normal) (G1 Evacuation Pause) 28M->8M(512M) 20.599ms
[2022-07-03T14:36:44.592+0200][gc,cpu       ] GC(1) User=0.10s Sys=0.01s Real=0.02s
[2022-07-03T14:48:56.416+0200][gc,heap,exit ] Heap
[2022-07-03T14:48:56.416+0200][gc,heap,exit ]  garbage-first heap   total 524288K, used 11676K [0x00000000e0000000, 0x0000000100000000)
[2022-07-03T14:48:56.416+0200][gc,heap,exit ]   region size 1024K, 5 young (5120K), 1 survivors (1024K)
[2022-07-03T14:48:56.416+0200][gc,heap,exit ]  Metaspace       used 9398K, capacity 9776K, committed 9856K, reserved 1058816K
[2022-07-03T14:48:56.417+0200][gc,heap,exit ]   class space    used 972K, capacity 1121K, committed 1152K, reserved 1048576K
