[2022-07-03T14:51:46.791+0200][gc,heap] Heap region size: 1M
[2022-07-03T14:51:46.795+0200][gc     ] Using G1
[2022-07-03T14:51:46.795+0200][gc,heap,coops] Heap address: 0x00000000e0000000, size: 512 MB, Compressed Oops mode: 32-bit
[2022-07-03T14:51:46.796+0200][gc,cds       ] Mark closed archive regions in map: [0x00000000fff00000, 0x00000000fff6aff8]
[2022-07-03T14:51:46.796+0200][gc,cds       ] Mark open archive regions in map: [0x00000000ffe00000, 0x00000000ffe46ff8]
[2022-07-03T14:51:48.235+0200][gc,start     ] GC(0) Pause Young (Normal) (G1 Evacuation Pause)
[2022-07-03T14:51:48.237+0200][gc,task      ] GC(0) Using 10 workers of 10 for evacuation
[2022-07-03T14:51:48.250+0200][gc,phases    ] GC(0)   Pre Evacuate Collection Set: 0.0ms
[2022-07-03T14:51:48.250+0200][gc,phases    ] GC(0)   Evacuate Collection Set: 11.9ms
[2022-07-03T14:51:48.251+0200][gc,phases    ] GC(0)   Post Evacuate Collection Set: 0.8ms
[2022-07-03T14:51:48.251+0200][gc,phases    ] GC(0)   Other: 2.5ms
[2022-07-03T14:51:48.251+0200][gc,heap      ] GC(0) Eden regions: 25->0(21)
[2022-07-03T14:51:48.251+0200][gc,heap      ] GC(0) Survivor regions: 0->4(4)
[2022-07-03T14:51:48.251+0200][gc,heap      ] GC(0) Old regions: 2->5
[2022-07-03T14:51:48.251+0200][gc,heap      ] GC(0) Humongous regions: 0->0
[2022-07-03T14:51:48.252+0200][gc,metaspace ] GC(0) Metaspace: 7625K->7625K(1056768K)
[2022-07-03T14:51:48.252+0200][gc           ] GC(0) Pause Young (Normal) (G1 Evacuation Pause) 25M->7M(512M) 16.991ms
[2022-07-03T14:51:48.252+0200][gc,cpu       ] GC(0) User=0.09s Sys=0.01s Real=0.02s
