[2022-07-03T14:52:23.622+0200][gc,heap] Heap region size: 1M
[2022-07-03T14:52:23.627+0200][gc     ] Using G1
[2022-07-03T14:52:23.627+0200][gc,heap,coops] Heap address: 0x00000000e0000000, size: 512 MB, Compressed Oops mode: 32-bit
[2022-07-03T14:52:23.627+0200][gc,cds       ] Mark closed archive regions in map: [0x00000000fff00000, 0x00000000fff6aff8]
[2022-07-03T14:52:23.627+0200][gc,cds       ] Mark open archive regions in map: [0x00000000ffe00000, 0x00000000ffe46ff8]
[2022-07-03T14:52:24.427+0200][gc,heap,exit ] Heap
[2022-07-03T14:52:24.427+0200][gc,heap,exit ]  garbage-first heap   total 524288K, used 17096K [0x00000000e0000000, 0x0000000100000000)
[2022-07-03T14:52:24.428+0200][gc,heap,exit ]   region size 1024K, 17 young (17408K), 0 survivors (0K)
[2022-07-03T14:52:24.428+0200][gc,heap,exit ]  Metaspace       used 6164K, capacity 6479K, committed 6784K, reserved 1056768K
[2022-07-03T14:52:24.428+0200][gc,heap,exit ]   class space    used 694K, capacity 811K, committed 896K, reserved 1048576K
